BUILD FAILED:

> adham-express@0.1.0 build
> next build

▲ Next.js 16.1.6 (Turbopack)

  Creating an optimized production build ...
✓ Compiled successfully in 2.2s
  Running TypeScript ...
  Collecting page data using 15 workers ...
  Generating static pages using 15 workers (0/6) ...

Error occurred prerendering page "/". Read more: https://nextjs.org/docs/messages/prerender-error
Error: Event handlers cannot be passed to Client Component props.
  {className: ..., onSubmit: function onSubmit, children: ...}
                             ^^^^^^^^^^^^^^^^^
If you need interactivity, consider converting part of this to a Client Component.
    at stringify (<anonymous>) {
  digest: '4153079176'
}
Export encountered an error on /page: /, exiting the build.
⨯ Next.js build worker exited with code: 1 and signal: null

